Running AutomationTool...
Using bundled DotNet SDK version: 8.0.300
Starting AutomationTool...
Parsing command line: BuildPlugin -Plugin=E:\VFXAgent\VFXAgent\VFXAgent.uplugin -Package=E:\VFXAgent\VFXAgent\Binaries -TargetPlatforms=Win64 -Rocket
Initializing script modules...
Total script module initialization time: 0.17 s.
Using C:\Program Files\Microsoft Visual Studio\2022\Community\MSBuild\Current\Bin\MSBuild.exe
Executing commands...
Copying 60 file(s) using max 64 thread(s)
Reading plugin from E:\VFXAgent\VFXAgent\Binaries\HostProject\Plugins\VFXAgent\VFXAgent.uplugin...
Building plugin for host platforms: Win64
Running: D:\UE_5.5\Engine\Binaries\ThirdParty\DotNet\8.0.300\win-x64\dotnet.exe "D:\UE_5.5\Engine\Binaries\DotNET\UnrealBuildTool\UnrealBuildTool.dll" UnrealEditor Win64 Development -Project="E:\VFXAgent\VFXAgent\Binaries\HostProject\HostProject.uproject" -plugin="E:\VFXAgent\VFXAgent\Binaries\HostProject\Plugins\VFXAgent\VFXAgent.uplugin" -noubtmakefiles -manifest="E:\VFXAgent\VFXAgent\Binaries\HostProject\Saved\Manifest-UnrealEditor-Win64-Development.xml" -nohotreload -log="C:\Users\PigeonD\AppData\Roaming\Unreal Engine\AutomationTool\Logs\D+UE_5.5\UBA-UnrealEditor-Win64-Development.txt"
Log file: C:\Users\PigeonD\AppData\Roaming\Unreal Engine\AutomationTool\Logs\D+UE_5.5\UBA-UnrealEditor-Win64-Development.txt
Available x64 toolchains (1):
 * C:\Program Files\Microsoft Visual Studio\2022\Community\VC\Tools\MSVC\14.44.35207
    (Family=14.44.35207, FamilyRank=1, Version=14.44.35215, Is64Bit=True, ReleaseChannel=Latest, Architecture=x64)
Visual Studio 2022 compiler version 14.44.35215 is not a preferred version. Please use the latest preferred version 14.38.33130
Parsing headers for UnrealEditor
  Running Internal UnrealHeaderTool E:\VFXAgent\VFXAgent\Binaries\HostProject\HostProject.uproject E:\VFXAgent\VFXAgent\Binaries\HostProject\Intermediate\Build\Win64\UnrealEditor\Development\UnrealEditor.uhtmanifest -WarningsAsErrors -installed
Total of 20 written
Reflection code generated for UnrealEditor in 1.8335484 seconds
Writing manifest to E:\VFXAgent\VFXAgent\Binaries\HostProject\Saved\Manifest-UnrealEditor-Win64-Development.xml
Building UnrealEditor...
Using Visual Studio 2022 14.44.35215 toolchain (C:\Program Files\Microsoft Visual Studio\2022\Community\VC\Tools\MSVC\14.44.35207) and Windows 10.0.26100.0 SDK (C:\Program Files (x86)\Windows Kits\10).
Warning: Visual Studio 2022 compiler is not a preferred version
[Adaptive Build] Excluded from VFXAgentEditor unity file: SVFXAgentPanel.cpp, VFXAgentEditorModule.cpp
[Adaptive Build] Excluded from VFXAgentCore unity file: HttpLLMProvider.cpp, MockLLMProvider.cpp, VFXAgentCoreModule.cpp, VFXAgentLog.cpp
[Adaptive Build] Excluded from VFXAgentNiagara unity file: BasicAssetGenService.cpp, NiagaraSystemGenerator.cpp, VFXAgentNiagaraModule.cpp
[Adaptive Build] Excluded from CaptureDataUtils unity file: CaptureDataUtilsModule.cpp, ImageSequenceTimecodeUtils.cpp, ParseTakeUtils.cpp, SoundWaveTimecodeUtils.cpp
Determining max actions to execute in parallel (24 physical cores, 24 logical cores)
  Executing up to 24 processes, one per physical core
  Requested 1.5 GB memory per action, 11.63 GB available: limiting max parallel actions to 7
Using Unreal Build Accelerator local executor to run 23 action(s)
  Storage capacity 40Gb
---- Starting trace: 260125_190030 ----
UbaSessionServer - Disable remote execution (remote sessions will finish current processes)
------ Building 23 action(s) started ------
[1/23] Resource Default.rc2
[2/23] Resource Default.rc2
[3/23] Resource Default.rc2
[4/23] Compile [x64] SharedPCH.UnrealEd.Cpp20.cpp
[5/23] Compile [x64] VFXAgentLog.cpp
[6/23] Compile [x64] VFXAgentCoreModule.cpp
[7/23] Compile [x64] BasicAssetGenService.cpp
[8/23] Compile [x64] VFXAgentNiagaraModule.cpp
[9/23] Compile [x64] Module.VFXAgentNiagara.cpp
[10/23] Compile [x64] HttpLLMProvider.cpp
[11/23] Compile [x64] MockLLMProvider.cpp
[12/23] Compile [x64] Module.VFXAgentCore.cpp
[13/23] Compile [x64] Module.VFXAgentEditor.cpp
[14/23] Link [x64] UnrealEditor-VFXAgentCore.lib
[15/23] Compile [x64] VFXAgentEditorModule.cpp
[16/23] Link [x64] UnrealEditor-VFXAgentCore.dll
   Creating object E:\VFXAgent\VFXAgent\Binaries\HostProject\Plugins\VFXAgent\Binaries\Win64\UnrealEditor-VFXAgentCore.exp
[17/23] Compile [x64] SVFXAgentPanel.cpp
[18/23] Link [x64] UnrealEditor-VFXAgentEditor.lib
[19/23] Compile [x64] NiagaraSystemGenerator.cpp
E:\VFXAgent\VFXAgent\Binaries\HostProject\Plugins\VFXAgent\Source\VFXAgentNiagara\Private\NiagaraSystemGenerator.cpp(64): warning C4996: 'UPackage::SavePackage': Pack the arguments into FSavePackageArgs and call the function overload that takes FSavePackageArgs. Note that Conform is no longer implemented. Please update your code to the new API before upgrading to the next release, otherwise your project will no longer compile.
[20/23] Link [x64] UnrealEditor-VFXAgentNiagara.lib
[21/23] Link [x64] UnrealEditor-VFXAgentEditor.dll
   Creating object E:\VFXAgent\VFXAgent\Binaries\HostProject\Plugins\VFXAgent\Binaries\Win64\UnrealEditor-VFXAgentEditor.exp
Module.VFXAgentEditor.cpp.obj : error LNK2019: unresolved external symbol "__declspec(dllimport) private: static class UClass * __cdecl UDeveloperSettings::GetPrivateStaticClass(void)" (__imp_?GetPrivateStaticClass@UDeveloperSettings@@CAPEAVUClass@@XZ) referenced in function "public: static class UClass * __cdecl UDeveloperSettings::StaticClass(void)" (?StaticClass@UDeveloperSettings@@SAPEAVUClass@@XZ)
  Hint on symbols that are defined and could potentially match:
    "__declspec(dllimport) private: static class UClass * __cdecl UObject::GetPrivateStaticClass(void)" (__imp_?GetPrivateStaticClass@UObject@@CAPEAVUClass@@XZ)
Module.VFXAgentEditor.cpp.obj : error LNK2019: unresolved external symbol "__declspec(dllimport) public: __cdecl UDeveloperSettings::UDeveloperSettings(class FVTableHelper &)" (__imp_??0UDeveloperSettings@@QEAA@AEAVFVTableHelper@@@Z) referenced in function "public: __cdecl UVFXAgentSettings::UVFXAgentSettings(class FVTableHelper &)" (??0UVFXAgentSettings@@QEAA@AEAVFVTableHelper@@@Z)
Module.VFXAgentEditor.cpp.obj : error LNK2019: unresolved external symbol "__declspec(dllimport) public: virtual __cdecl UDeveloperSettings::~UDeveloperSettings(void)" (__imp_??1UDeveloperSettings@@UEAA@XZ) referenced in function "int `public: __cdecl UVFXAgentSettings::UVFXAgentSettings(class FVTableHelper &)'::`1'::dtor$0" (?dtor$0@?0???0UVFXAgentSettings@@QEAA@AEAVFVTableHelper@@@Z@4HA)
Module.VFXAgentEditor.cpp.obj : error LNK2019: unresolved external symbol "__declspec(dllimport) public: __cdecl UDeveloperSettings::UDeveloperSettings(class FObjectInitializer const &)" (__imp_??0UDeveloperSettings@@QEAA@AEBVFObjectInitializer@@@Z) referenced in function "public: __cdecl UVFXAgentSettings::UVFXAgentSettings(class FObjectInitializer const &)" (??0UVFXAgentSettings@@QEAA@AEBVFObjectInitializer@@@Z)
Module.VFXAgentEditor.cpp.obj : error LNK2019: unresolved external symbol "__declspec(dllimport) class UClass * __cdecl Z_Construct_UClass_UDeveloperSettings(void)" (__imp_?Z_Construct_UClass_UDeveloperSettings@@YAPEAVUClass@@XZ) referenced in function "void __cdecl `dynamic initializer for 'public: static class UObject * (__cdecl*const * const Z_Construct_UClass_UVFXAgentSettings_Statics::DependentSingletons)(void)''(void)" (??__E?DependentSingletons@Z_Construct_UClass_UVFXAgentSettings_Statics@@2QBQ6APEAVUObject@@XZB@@YAXXZ)
Module.VFXAgentEditor.cpp.obj : error LNK2001: unresolved external symbol "public: virtual class TSharedPtr<class SWidget,1> __cdecl UDeveloperSettings::GetCustomSettingsWidget(void)const " (?GetCustomSettingsWidget@UDeveloperSettings@@UEBA?AV?$TSharedPtr@VSWidget@@$00@@XZ)
Module.VFXAgentEditor.cpp.obj : error LNK2001: unresolved external symbol "public: virtual class FText __cdecl UDeveloperSettings::GetSectionDescription(void)const " (?GetSectionDescription@UDeveloperSettings@@UEBA?AVFText@@XZ)
Module.VFXAgentEditor.cpp.obj : error LNK2001: unresolved external symbol "public: virtual class FName __cdecl UDeveloperSettings::GetSectionName(void)const " (?GetSectionName@UDeveloperSettings@@UEBA?AVFName@@XZ)
Module.VFXAgentEditor.cpp.obj : error LNK2001: unresolved external symbol "public: virtual class FName __cdecl UDeveloperSettings::GetContainerName(void)const " (?GetContainerName@UDeveloperSettings@@UEBA?AVFName@@XZ)
Module.VFXAgentEditor.cpp.obj : error LNK2001: unresolved external symbol "public: virtual void __cdecl UDeveloperSettings::PostEditChangeProperty(struct FPropertyChangedEvent &)" (?PostEditChangeProperty@UDeveloperSettings@@UEAAXAEAUFPropertyChangedEvent@@@Z)
Module.VFXAgentEditor.cpp.obj : error LNK2001: unresolved external symbol "public: virtual __cdecl UDeveloperSettings::~UDeveloperSettings(void)" (??1UDeveloperSettings@@UEAA@XZ)
SVFXAgentPanel.cpp.obj : error LNK2019: unresolved external symbol "private: static class UClass * __cdecl UMockLLMProvider::GetPrivateStaticClass(void)" (?GetPrivateStaticClass@UMockLLMProvider@@CAPEAVUClass@@XZ) referenced in function "class UMockLLMProvider * __cdecl NewObject<class UMockLLMProvider>(class UObject *)" (??$NewObject@VUMockLLMProvider@@@@YAPEAVUMockLLMProvider@@PEAVUObject@@@Z)
SVFXAgentPanel.cpp.obj : error LNK2019: unresolved external symbol "private: static class UClass * __cdecl UNiagaraSystemGenerator::GetPrivateStaticClass(void)" (?GetPrivateStaticClass@UNiagaraSystemGenerator@@CAPEAVUClass@@XZ) referenced in function "class UNiagaraSystemGenerator * __cdecl NewObject<class UNiagaraSystemGenerator>(class UObject *)" (??$NewObject@VUNiagaraSystemGenerator@@@@YAPEAVUNiagaraSystemGenerator@@PEAVUObject@@@Z)
E:\VFXAgent\VFXAgent\Binaries\HostProject\Plugins\VFXAgent\Binaries\Win64\UnrealEditor-VFXAgentEditor.dll : fatal error LNK1120: 13 unresolved externals
[22/23] Link [x64] UnrealEditor-VFXAgentNiagara.dll
   Creating object E:\VFXAgent\VFXAgent\Binaries\HostProject\Plugins\VFXAgent\Binaries\Win64\UnrealEditor-VFXAgentNiagara.exp
Trace file written to C:/Users/PigeonD/AppData/Roaming/Unreal Engine/AutomationTool/Logs/D+UE_5.5/UBA-UnrealEditor-Win64-Development.uba with size 13.1kb
Total time in Unreal Build Accelerator local executor: 27.18 seconds
Total execution time: 32.75 seconds
Took 32.83s to run dotnet.exe, ExitCode=6
UnrealBuildTool failed. See log for more details. (C:\Users\PigeonD\AppData\Roaming\Unreal Engine\AutomationTool\Logs\D+UE_5.5\UBA-UnrealEditor-Win64-Development.txt)
AutomationTool executed for 0h 0m 33s
AutomationTool exiting with ExitCode=6 (6)
BUILD FAILED
